Archive member included to satisfy reference by file (symbol)

C:/ST/STM32CubeIDE_1.19.0/STM32CubeIDE/plugins/com.st.stm32cube.ide.mcu.externaltools.gnu-tools-for-stm32.13.3.rel1.win32_1.0.0.202411081344/tools/bin/../lib/gcc/arm-none-eabi/13.3.1/../../../../arm-none-eabi/lib/thumb/v6-m/nofp\libc_nano.a(libc_a-exit.o)
                              C:/ST/STM32CubeIDE_1.19.0/STM32CubeIDE/plugins/com.st.stm32cube.ide.mcu.externaltools.gnu-tools-for-stm32.13.3.rel1.win32_1.0.0.202411081344/tools/bin/../lib/gcc/arm-none-eabi/13.3.1/../../../../arm-none-eabi/lib/thumb/v6-m/nofp/crt0.o (exit)
C:/ST/STM32CubeIDE_1.19.0/STM32CubeIDE/plugins/com.st.stm32cube.ide.mcu.externaltools.gnu-tools-for-stm32.13.3.rel1.win32_1.0.0.202411081344/tools/bin/../lib/gcc/arm-none-eabi/13.3.1/../../../../arm-none-eabi/lib/thumb/v6-m/nofp\libc_nano.a(libc_a-findfp.o)
                              C:/ST/STM32CubeIDE_1.19.0/STM32CubeIDE/plugins/com.st.stm32cube.ide.mcu.externaltools.gnu-tools-for-stm32.13.3.rel1.win32_1.0.0.202411081344/tools/bin/../lib/gcc/arm-none-eabi/13.3.1/../../../../arm-none-eabi/lib/thumb/v6-m/nofp\libc_nano.a(libc_a-exit.o) (__stdio_exit_handler)
C:/ST/STM32CubeIDE_1.19.0/STM32CubeIDE/plugins/com.st.stm32cube.ide.mcu.externaltools.gnu-tools-for-stm32.13.3.rel1.win32_1.0.0.202411081344/tools/bin/../lib/gcc/arm-none-eabi/13.3.1/../../../../arm-none-eabi/lib/thumb/v6-m/nofp\libc_nano.a(libc_a-fwalk.o)
                              C:/ST/STM32CubeIDE_1.19.0/STM32CubeIDE/plugins/com.st.stm32cube.ide.mcu.externaltools.gnu-tools-for-stm32.13.3.rel1.win32_1.0.0.202411081344/tools/bin/../lib/gcc/arm-none-eabi/13.3.1/../../../../arm-none-eabi/lib/thumb/v6-m/nofp\libc_nano.a(libc_a-findfp.o) (_fwalk_sglue)
C:/ST/STM32CubeIDE_1.19.0/STM32CubeIDE/plugins/com.st.stm32cube.ide.mcu.externaltools.gnu-tools-for-stm32.13.3.rel1.win32_1.0.0.202411081344/tools/bin/../lib/gcc/arm-none-eabi/13.3.1/../../../../arm-none-eabi/lib/thumb/v6-m/nofp\libc_nano.a(libc_a-stdio.o)
                              C:/ST/STM32CubeIDE_1.19.0/STM32CubeIDE/plugins/com.st.stm32cube.ide.mcu.externaltools.gnu-tools-for-stm32.13.3.rel1.win32_1.0.0.202411081344/tools/bin/../lib/gcc/arm-none-eabi/13.3.1/../../../../arm-none-eabi/lib/thumb/v6-m/nofp\libc_nano.a(libc_a-findfp.o) (__sread)
C:/ST/STM32CubeIDE_1.19.0/STM32CubeIDE/plugins/com.st.stm32cube.ide.mcu.externaltools.gnu-tools-for-stm32.13.3.rel1.win32_1.0.0.202411081344/tools/bin/../lib/gcc/arm-none-eabi/13.3.1/../../../../arm-none-eabi/lib/thumb/v6-m/nofp\libc_nano.a(libc_a-memset.o)
                              C:/ST/STM32CubeIDE_1.19.0/STM32CubeIDE/plugins/com.st.stm32cube.ide.mcu.externaltools.gnu-tools-for-stm32.13.3.rel1.win32_1.0.0.202411081344/tools/bin/../lib/gcc/arm-none-eabi/13.3.1/../../../../arm-none-eabi/lib/thumb/v6-m/nofp/crt0.o (memset)
C:/ST/STM32CubeIDE_1.19.0/STM32CubeIDE/plugins/com.st.stm32cube.ide.mcu.externaltools.gnu-tools-for-stm32.13.3.rel1.win32_1.0.0.202411081344/tools/bin/../lib/gcc/arm-none-eabi/13.3.1/../../../../arm-none-eabi/lib/thumb/v6-m/nofp\libc_nano.a(libc_a-closer.o)
                              C:/ST/STM32CubeIDE_1.19.0/STM32CubeIDE/plugins/com.st.stm32cube.ide.mcu.externaltools.gnu-tools-for-stm32.13.3.rel1.win32_1.0.0.202411081344/tools/bin/../lib/gcc/arm-none-eabi/13.3.1/../../../../arm-none-eabi/lib/thumb/v6-m/nofp\libc_nano.a(libc_a-stdio.o) (_close_r)
C:/ST/STM32CubeIDE_1.19.0/STM32CubeIDE/plugins/com.st.stm32cube.ide.mcu.externaltools.gnu-tools-for-stm32.13.3.rel1.win32_1.0.0.202411081344/tools/bin/../lib/gcc/arm-none-eabi/13.3.1/../../../../arm-none-eabi/lib/thumb/v6-m/nofp\libc_nano.a(libc_a-reent.o)
                              C:/ST/STM32CubeIDE_1.19.0/STM32CubeIDE/plugins/com.st.stm32cube.ide.mcu.externaltools.gnu-tools-for-stm32.13.3.rel1.win32_1.0.0.202411081344/tools/bin/../lib/gcc/arm-none-eabi/13.3.1/../../../../arm-none-eabi/lib/thumb/v6-m/nofp\libc_nano.a(libc_a-closer.o) (errno)
C:/ST/STM32CubeIDE_1.19.0/STM32CubeIDE/plugins/com.st.stm32cube.ide.mcu.externaltools.gnu-tools-for-stm32.13.3.rel1.win32_1.0.0.202411081344/tools/bin/../lib/gcc/arm-none-eabi/13.3.1/../../../../arm-none-eabi/lib/thumb/v6-m/nofp\libc_nano.a(libc_a-impure.o)
                              C:/ST/STM32CubeIDE_1.19.0/STM32CubeIDE/plugins/com.st.stm32cube.ide.mcu.externaltools.gnu-tools-for-stm32.13.3.rel1.win32_1.0.0.202411081344/tools/bin/../lib/gcc/arm-none-eabi/13.3.1/../../../../arm-none-eabi/lib/thumb/v6-m/nofp\libc_nano.a(libc_a-reent.o) (_impure_ptr)
C:/ST/STM32CubeIDE_1.19.0/STM32CubeIDE/plugins/com.st.stm32cube.ide.mcu.externaltools.gnu-tools-for-stm32.13.3.rel1.win32_1.0.0.202411081344/tools/bin/../lib/gcc/arm-none-eabi/13.3.1/../../../../arm-none-eabi/lib/thumb/v6-m/nofp\libc_nano.a(libc_a-lseekr.o)
[...]
Memory Configuration

Name             Origin             Length             Attributes
RAM              0x20000000         0x00009000         xrw
FLASH            0x08000000         0x00020000         xr
*default*        0x00000000         0xffffffff

Linker script and memory map

LOAD C:/ST/STM32CubeIDE_1.19.0/STM32CubeIDE/plugins/com.st.stm32cube.ide.mcu.externaltools.gnu-tools-for-stm32.13.3.rel1.win32_1.0.0.202411081344/tools/bin/../lib/gcc/arm-none-eabi/13.3.1/thumb/v6-m/nofp/crti.o
LOAD C:/ST/STM32CubeIDE_1.19.0/STM32CubeIDE/plugins/com.st.stm32cube.ide.mcu.externaltools.gnu-tools-for-stm32.13.3.rel1.win32_1.0.0.202411081344/tools/bin/../lib/gcc/arm-none-eabi/13.3.1/thumb/v6-m/nofp/crtbegin.o
LOAD C:/ST/STM32CubeIDE_1.19.0/STM32CubeIDE/plugins/com.st.stm32cube.ide.mcu.externaltools.gnu-tools-for-stm32.13.3.rel1.win32_1.0.0.202411081344/tools/bin/../lib/gcc/arm-none-eabi/13.3.1/../../../../arm-none-eabi/lib/thumb/v6-m/nofp/crt0.o
LOAD ./Application/User/Core/adc.o
LOAD ./Application/User/Core/gpio.o
LOAD ./Application/User/Core/main.o
LOAD ./Application/User/Core/stm32g0xx_hal_msp.o
LOAD ./Application/User/Core/stm32g0xx_it.o
LOAD ./Application/User/Core/syscalls.o
LOAD ./Application/User/Core/sysmem.o
LOAD ./Application/User/Core/tim.o
LOAD ./Application/User/Core/usart.o
LOAD ./Application/User/Startup/startup_stm32g071rbtx.o
LOAD ./Drivers/CMSIS/system_stm32g0xx.o
LOAD ./Drivers/STM32G0xx_HAL_Driver/stm32g0xx_hal.o
LOAD ./Drivers/STM32G0xx_HAL_Driver/stm32g0xx_hal_adc.o
LOAD ./Drivers/STM32G0xx_HAL_Driver/stm32g0xx_hal_adc_ex.o
LOAD ./Drivers/STM32G0xx_HAL_Driver/stm32g0xx_hal_cortex.o
LOAD ./Drivers/STM32G0xx_HAL_Driver/stm32g0xx_hal_dma.o
LOAD ./Drivers/STM32G0xx_HAL_Driver/stm32g0xx_hal_dma_ex.o
LOAD ./Drivers/STM32G0xx_HAL_Driver/stm32g0xx_hal_exti.o
LOAD ./Drivers/STM32G0xx_HAL_Driver/stm32g0xx_hal_flash.o
LOAD ./Drivers/STM32G0xx_HAL_Driver/stm32g0xx_hal_flash_ex.o
LOAD ./Drivers/STM32G0xx_HAL_Driver/stm32g0xx_hal_gpio.o
LOAD ./Drivers/STM32G0xx_HAL_Driver/stm32g0xx_hal_pwr.o
LOAD ./Drivers/STM32G0xx_HAL_Driver/stm32g0xx_hal_pwr_ex.o
LOAD ./Drivers/STM32G0xx_HAL_Driver/stm32g0xx_hal_rcc.o
LOAD ./Drivers/STM32G0xx_HAL_Driver/stm32g0xx_hal_rcc_ex.o
LOAD ./Drivers/STM32G0xx_HAL_Driver/stm32g0xx_hal_tim.o
LOAD ./Drivers/STM32G0xx_HAL_Driver/stm32g0xx_hal_tim_ex.o
LOAD ./Drivers/STM32G0xx_HAL_Driver/stm32g0xx_hal_uart.o
LOAD ./Drivers/STM32G0xx_HAL_Driver/stm32g0xx_hal_uart_ex.o
LOAD ./Drivers/STM32G0xx_HAL_Driver/stm32g0xx_ll_adc.o
LOAD ./Drivers/STM32G0xx_HAL_Driver/stm32g0xx_ll_rcc.o
START GROUP
LOAD C:/ST/STM32CubeIDE_1.19.0/STM32CubeIDE/plugins/com.st.stm32cube.ide.mcu.externaltools.gnu-tools-for-stm32.13.3.rel1.win32_1.0.0.202411081344/tools/bin/../lib/gcc/arm-none-eabi/13.3.1/../../../../arm-none-eabi/lib/thumb/v6-m/nofp\libc_nano.a
LOAD C:/ST/STM32CubeIDE_1.19.0/STM32CubeIDE/plugins/com.st.stm32cube.ide.mcu.externaltools.gnu-tools-for-stm32.13.3.rel1.win32_1.0.0.202411081344/tools/bin/../lib/gcc/arm-none-eabi/13.3.1/../../../../arm-none-eabi/lib/thumb/v6-m/nofp\libm.a
END GROUP
START GROUP
LOAD C:/ST/STM32CubeIDE_1.19.0/STM32CubeIDE/plugins/com.st.stm32cube.ide.mcu.externaltools.gnu-tools-for-stm32.13.3.rel1.win32_1.0.0.202411081344/tools/bin/../lib/gcc/arm-none-eabi/13.3.1/thumb/v6-m/nofp\libgcc.a
LOAD C:/ST/STM32CubeIDE_1.19.0/STM32CubeIDE/plugins/com.st.stm32cube.ide.mcu.externaltools.gnu-tools-for-stm32.13.3.rel1.win32_1.0.0.202411081344/tools/bin/../lib/gcc/arm-none-eabi/13.3.1/../../../../arm-none-eabi/lib/thumb/v6-m/nofp\libc_nano.a
END GROUP
START GROUP
LOAD C:/ST/STM32CubeIDE_1.19.0/STM32CubeIDE/plugins/com.st.stm32cube.ide.mcu.externaltools.gnu-tools-for-stm32.13.3.rel1.win32_1.0.0.202411081344/tools/bin/../lib/gcc/arm-none-eabi/13.3.1/thumb/v6-m/nofp\libgcc.a
LOAD C:/ST/STM32CubeIDE_1.19.0/STM32CubeIDE/plugins/com.st.stm32cube.ide.mcu.externaltools.gnu-tools-for-stm32.13.3.rel1.win32_1.0.0.202411081344/tools/bin/../lib/gcc/arm-none-eabi/13.3.1/../../../../arm-none-eabi/lib/thumb/v6-m/nofp\libc_nano.a
LOAD C:/ST/STM32CubeIDE_1.19.0/STM32CubeIDE/plugins/com.st.stm32cube.ide.mcu.externaltools.gnu-tools-for-stm32.13.3.rel1.win32_1.0.0.202411081344/tools/bin/../lib/gcc/arm-none-eabi/13.3.1/../../../../arm-none-eabi/lib/thumb/v6-m/nofp\libnosys.a
END GROUP
START GROUP
LOAD C:/ST/STM32CubeIDE_1.19.0/STM32CubeIDE/plugins/com.st.stm32cube.ide.mcu.externaltools.gnu-tools-for-stm32.13.3.rel1.win32_1.0.0.202411081344/tools/bin/../lib/gcc/arm-none-eabi/13.3.1/thumb/v6-m/nofp\libgcc.a
LOAD C:/ST/STM32CubeIDE_1.19.0/STM32CubeIDE/plugins/com.st.stm32cube.ide.mcu.externaltools.gnu-tools-for-stm32.13.3.rel1.win32_1.0.0.202411081344/tools/bin/../lib/gcc/arm-none-eabi/13.3.1/../../../../arm-none-eabi/lib/thumb/v6-m/nofp\libc_nano.a
LOAD C:/ST/STM32CubeIDE_1.19.0/STM32CubeIDE/plugins/com.st.stm32cube.ide.mcu.externaltools.gnu-tools-for-stm32.13.3.rel1.win32_1.0.0.202411081344/tools/bin/../lib/gcc/arm-none-eabi/13.3.1/../../../../arm-none-eabi/lib/thumb/v6-m/nofp\libnosys.a
END GROUP
LOAD C:/ST/STM32CubeIDE_1.19.0/STM32CubeIDE/plugins/com.st.stm32cube.ide.mcu.externaltools.gnu-tools-for-stm32.13.3.rel1.win32_1.0.0.202411081344/tools/bin/../lib/gcc/arm-none-eabi/13.3.1/thumb/v6-m/nofp/crtend.o
LOAD C:/ST/STM32CubeIDE_1.19.0/STM32CubeIDE/plugins/com.st.stm32cube.ide.mcu.externaltools.gnu-tools-for-stm32.13.3.rel1.win32_1.0.0.202411081344/tools/bin/../lib/gcc/arm-none-eabi/13.3.1/thumb/v6-m/nofp/crtn.o
                0x20009000                        _estack = (ORIGIN (RAM) + LENGTH (RAM))
                0x00000200                        _Min_Heap_Size = 0x200
                0x00000400                        _Min_Stack_Size = 0x400

.isr_vector     0x08000000       0xbc
                0x08000000                        . = ALIGN (0x4)
 *(.isr_vector)
 .isr_vector    0x08000000       0xbc ./Application/User/Startup/startup_stm32g071rbtx.o
                0x08000000                g_pfnVectors
                0x080000bc                        . = ALIGN (0x4)

.text           0x080000bc     0x4d28
                0x080000bc                        . = ALIGN (0x4)
 *(.text)
 .text          0x080000bc       0x48 C:/ST/STM32CubeIDE_1.19.0/STM32CubeIDE/plugins/com.st.stm32cube.ide.mcu.externaltools.gnu-tools-for-stm32.13.3.rel1.win32_1.0.0.202411081344/tools/bin/../lib/gcc/arm-none-eabi/13.3.1/thumb/v6-m/nofp/crtbegin.o
 .text          0x08000104      0x114 C:/ST/STM32CubeIDE_1.19.0/STM32CubeIDE/plugins/com.st.stm32cube.ide.mcu.externaltools.gnu-tools-for-stm32.13.3.rel1.win32_1.0.0.202411081344/tools/bin/../lib/gcc/arm-none-eabi/13.3.1/thumb/v6-m/nofp\libgcc.a(_udivsi3.o)
                0x08000104                __aeabi_uidiv
                0x08000104                __udivsi3
                0x08000210                __aeabi_uidivmod
 .text          0x08000218      0x1d4 C:/ST/STM32CubeIDE_1.19.0/STM32CubeIDE/plugins/com.st.stm32cube.ide.mcu.externaltools.gnu-tools-for-stm32.13.3.rel1.win32_1.0.0.202411081344/tools/bin/../lib/gcc/arm-none-eabi/13.3.1/thumb/v6-m/nofp\libgcc.a(_divsi3.o)
                0x08000218                __divsi3
                0x08000218                __aeabi_idiv
                0x080003e4                __aeabi_idivmod
 .text          0x080003ec        0x4 C:/ST/STM32CubeIDE_1.19.0/STM32CubeIDE/plugins/com.st.stm32cube.ide.mcu.externaltools.gnu-tools-for-stm32.13.3.rel1.win32_1.0.0.202411081344/tools/bin/../lib/gcc/arm-none-eabi/13.3.1/thumb/v6-m/nofp\libgcc.a(_dvmd_tls.o)
                0x080003ec                __aeabi_idiv0
                0x080003ec                __aeabi_ldiv0
 .text          0x080003f0       0x40 C:/ST/STM32CubeIDE_1.19.0/STM32CubeIDE/plugins/com.st.stm32cube.ide.mcu.externaltools.gnu-tools-for-stm32.13.3.rel1.win32_1.0.0.202411081344/tools/bin/../lib/gcc/arm-none-eabi/13.3.1/thumb/v6-m/nofp\libgcc.a(_aeabi_uldivmod.o)
                0x080003f0                __aeabi_uldivmod
 .text          0x08000430      0x198 C:/ST/STM32CubeIDE_1.19.0/STM32CubeIDE/plugins/com.st.stm32cube.ide.mcu.externaltools.gnu-tools-for-stm32.13.3.rel1.win32_1.0.0.202411081344/tools/bin/../lib/gcc/arm-none-eabi/13.3.1/thumb/v6-m/nofp\libgcc.a(_udivmoddi4.o)
                0x08000430                __udivmoddi4
 .text          0x080005c8       0x18 C:/ST/STM32CubeIDE_1.19.0/STM32CubeIDE/plugins/com.st.stm32cube.ide.mcu.externaltools.gnu-tools-for-stm32.13.3.rel1.win32_1.0.0.202411081344/tools/bin/../lib/gcc/arm-none-eabi/13.3.1/thumb/v6-m/nofp\libgcc.a(_clzdi2.o)
                0x080005c8                __clzdi2
 .text          0x080005e0       0x3c C:/ST/STM32CubeIDE_1.19.0/STM32CubeIDE/plugins/com.st.stm32cube.ide.mcu.externaltools.gnu-tools-for-stm32.13.3.rel1.win32_1.0.0.202411081344/tools/bin/../lib/gcc/arm-none-eabi/13.3.1/thumb/v6-m/nofp\libgcc.a(_clzsi2.o)
                0x080005e0                __clzsi2
 *(.text*)
 .text.MX_ADC1_Init
                0x0800061c       0xcc ./Application/User/Core/adc.o
                0x0800061c                MX_ADC1_Init
 .text.HAL_ADC_MspInit
                0x080006e8       0x88 ./Application/User/Core/adc.o
                0x080006e8                HAL_ADC_MspInit
 .text.MX_GPIO_Init
                0x08000770       0x88 ./Application/User/Core/gpio.o
                0x08000770                MX_GPIO_Init
 .text.main     0x080007f8       0x90 ./Application/User/Core/main.o
                0x080007f8                main
 .text.SystemClock_Config
                0x08000888       0xbc ./Application/User/Core/main.o
                0x08000888                SystemClock_Config
 .text.Error_Handler
                0x08000944        0xc ./Application/User/Core/main.o
                0x08000944                Error_Handler
 .text.HAL_MspInit
                0x08000950       0x48 ./Application/User/Core/stm32g0xx_hal_msp.o
                0x08000950                HAL_MspInit
 .text.NMI_Handler
                0x08000998        0x8 ./Application/User/Core/stm32g0xx_it.o
                0x08000998                NMI_Handler
 .text.HardFault_Handler
                0x080009a0        0x8 ./Application/User/Core/stm32g0xx_it.o
                0x080009a0                HardFault_Handler
 .text.SVC_Handler
                0x080009a8        0xa ./Application/User/Core/stm32g0xx_it.o
                0x080009a8                SVC_Handler
 .text.PendSV_Handler
                0x080009b2        0xa ./Application/User/Core/stm32g0xx_it.o
                0x080009b2                PendSV_Handler
 .text.SysTick_Handler
                0x080009bc        0xe ./Application/User/Core/stm32g0xx_it.o
                0x080009bc                SysTick_Handler
 *fill*         0x080009ca        0x2 
 .text.MX_TIM3_Init
                0x080009cc      0x100 ./Application/User/Core/tim.o
                0x080009cc                MX_TIM3_Init
 .text.HAL_TIM_Base_MspInit
                0x08000acc       0x3c ./Application/User/Core/tim.o
                0x08000acc                HAL_TIM_Base_MspInit
 .text.HAL_TIM_MspPostInit
                0x08000b08       0x7c ./Application/User/Core/tim.o
                0x08000b08                HAL_TIM_MspPostInit
 .text.MX_USART2_UART_Init
                0x08000b84       0x9c ./Application/User/Core/usart.o
                0x08000b84                MX_USART2_UART_Init
 .text.HAL_UART_MspInit
                0x08000c20       0xc0 ./Application/User/Core/usart.o
                0x08000c20                HAL_UART_MspInit
 .text.Reset_Handler
                0x08000ce0       0x50 ./Application/User/Startup/startup_stm32g071rbtx.o
                0x08000ce0                Reset_Handler
 .text.Default_Handler
                0x08000d30        0x2 ./Application/User/Startup/startup_stm32g071rbtx.o
                0x08000d30                USART3_4_LPUART1_IRQHandler
                0x08000d30                TIM1_CC_IRQHandler
                0x08000d30                ADC1_COMP_IRQHandler
                0x08000d30                PVD_IRQHandler
                0x08000d30                I2C1_IRQHandler
                0x08000d30                TIM7_LPTIM2_IRQHandler
                0x08000d30                RTC_TAMP_IRQHandler
                0x08000d30                SPI1_IRQHandler
                0x08000d30                EXTI2_3_IRQHandler
                0x08000d30                I2C2_IRQHandler
                0x08000d30                TIM17_IRQHandler
                0x08000d30                TIM16_IRQHandler
                0x08000d30                TIM3_IRQHandler
                0x08000d30                EXTI4_15_IRQHandler
                0x08000d30                RCC_IRQHandler
                0x08000d30                DMA1_Channel1_IRQHandler
                0x08000d30                Default_Handler
                0x08000d30                CEC_IRQHandler
                0x08000d30                TIM14_IRQHandler
                0x08000d30                TIM15_IRQHandler
                0x08000d30                EXTI0_1_IRQHandler
                0x08000d30                SPI2_IRQHandler
                0x08000d30                TIM6_DAC_LPTIM1_IRQHandler
                0x08000d30                WWDG_IRQHandler
                0x08000d30                TIM2_IRQHandler
                0x08000d30                DMA1_Ch4_7_DMAMUX1_OVR_IRQHandler
                0x08000d30                DMA1_Channel2_3_IRQHandler
                0x08000d30                UCPD1_2_IRQHandler
                0x08000d30                USART2_IRQHandler
                0x08000d30                FLASH_IRQHandler
                0x08000d30                USART1_IRQHandler
                0x08000d30                TIM1_BRK_UP_TRG_COM_IRQHandler
 .text.SystemInit
                0x08000d32        0xa ./Drivers/CMSIS/system_stm32g0xx.o
                0x08000d32                SystemInit
 .text.HAL_Init
                0x08000d3c       0x40 ./Drivers/STM32G0xx_HAL_Driver/stm32g0xx_hal.o
                0x08000d3c                HAL_Init
 .text.HAL_InitTick
                0x08000d7c       0x94 ./Drivers/STM32G0xx_HAL_Driver/stm32g0xx_hal.o
                0x08000d7c                HAL_InitTick
 .text.HAL_IncTick
                0x08000e10       0x24 ./Drivers/STM32G0xx_HAL_Driver/stm32g0xx_hal.o
                0x08000e10                HAL_IncTick
 .text.HAL_GetTick
                0x08000e34       0x14 ./Drivers/STM32G0xx_HAL_Driver/stm32g0xx_hal.o
                0x08000e34                HAL_GetTick
 .text.LL_ADC_SetCommonPathInternalCh
                0x08000e48       0x28 ./Drivers/STM32G0xx_HAL_Driver/stm32g0xx_hal_adc.o
 .text.LL_ADC_GetCommonPathInternalCh
                0x08000e70       0x1a ./Drivers/STM32G0xx_HAL_Driver/stm32g0xx_hal_adc.o
 .text.LL_ADC_SetSamplingTimeCommonChannels
                0x08000e8a       0x3a ./Drivers/STM32G0xx_HAL_Driver/stm32g0xx_hal_adc.o
 .text.LL_ADC_GetSamplingTimeCommonChannels
                0x08000ec4       0x2e ./Drivers/STM32G0xx_HAL_Driver/stm32g0xx_hal_adc.o
 .text.LL_ADC_REG_IsTriggerSourceSWStart
                0x08000ef2       0x22 ./Drivers/STM32G0xx_HAL_Driver/stm32g0xx_hal_adc.o
 .text.LL_ADC_REG_SetSequencerRanks
                0x08000f14       0x40 ./Drivers/STM32G0xx_HAL_Driver/stm32g0xx_hal_adc.o
 .text.LL_ADC_REG_SetSequencerChAdd
                0x08000f54       0x22 ./Drivers/STM32G0xx_HAL_Driver/stm32g0xx_hal_adc.o
 .text.LL_ADC_REG_SetSequencerChRem
                0x08000f76       0x24 ./Drivers/STM32G0xx_HAL_Driver/stm32g0xx_hal_adc.o
 *fill*         0x08000f9a        0x2 
 .text.LL_ADC_SetChannelSamplingTime
                0x08000f9c       0x38 ./Drivers/STM32G0xx_HAL_Driver/stm32g0xx_hal_adc.o
 .text.LL_ADC_EnableInternalRegulator
                0x08000fd4       0x28 ./Drivers/STM32G0xx_HAL_Driver/stm32g0xx_hal_adc.o
 .text.LL_ADC_IsInternalRegulatorEnabled
                0x08000ffc       0x28 ./Drivers/STM32G0xx_HAL_Driver/stm32g0xx_hal_adc.o
 .text.LL_ADC_Enable
                0x08001024       0x24 ./Drivers/STM32G0xx_HAL_Driver/stm32g0xx_hal_adc.o
 .text.LL_ADC_Disable
                0x08001048       0x24 ./Drivers/STM32G0xx_HAL_Driver/stm32g0xx_hal_adc.o
 .text.LL_ADC_IsEnabled
                0x0800106c       0x22 ./Drivers/STM32G0xx_HAL_Driver/stm32g0xx_hal_adc.o
 .text.LL_ADC_IsDisableOngoing
                0x0800108e       0x22 ./Drivers/STM32G0xx_HAL_Driver/stm32g0xx_hal_adc.o
 .text.LL_ADC_REG_StartConversion
                0x080010b0       0x24 ./Drivers/STM32G0xx_HAL_Driver/stm32g0xx_hal_adc.o
 .text.LL_ADC_REG_IsConversionOngoing
                0x080010d4       0x22 ./Drivers/STM32G0xx_HAL_Driver/stm32g0xx_hal_adc.o
 *fill*         0x080010f6        0x2 
 .text.HAL_ADC_Init
                0x080010f8      0x350 ./Drivers/STM32G0xx_HAL_Driver/stm32g0xx_hal_adc.o
                0x080010f8                HAL_ADC_Init
 .text.HAL_ADC_Start
                0x08001448       0x9c ./Drivers/STM32G0xx_HAL_Driver/stm32g0xx_hal_adc.o
                0x08001448                HAL_ADC_Start
 .text.HAL_ADC_PollForConversion
                0x080014e4      0x128 ./Drivers/STM32G0xx_HAL_Driver/stm32g0xx_hal_adc.o
                0x080014e4                HAL_ADC_PollForConversion
 .text.HAL_ADC_GetValue
                0x0800160c       0x16 ./Drivers/STM32G0xx_HAL_Driver/stm32g0xx_hal_adc.o
                0x0800160c                HAL_ADC_GetValue
 *fill*         0x08001622        0x2 
 .text.HAL_ADC_ConfigChannel
                0x08001624      0x3b0 ./Drivers/STM32G0xx_HAL_Driver/stm32g0xx_hal_adc.o
                0x08001624                HAL_ADC_ConfigChannel
 .text.ADC_Enable
                0x080019d4      0x10c ./Drivers/STM32G0xx_HAL_Driver/stm32g0xx_hal_adc.o
                0x080019d4                ADC_Enable
 .text.ADC_Disable
                0x08001ae0       0xbc ./Drivers/STM32G0xx_HAL_Driver/stm32g0xx_hal_adc.o
                0x08001ae0                ADC_Disable
 .text.LL_ADC_GetCommonClock
                0x08001b9c       0x1a ./Drivers/STM32G0xx_HAL_Driver/stm32g0xx_hal_adc_ex.o
 .text.LL_ADC_GetClock
                0x08001bb6       0x18 ./Drivers/STM32G0xx_HAL_Driver/stm32g0xx_hal_adc_ex.o
 .text.LL_ADC_SetCalibrationFactor
                0x08001bce       0x28 ./Drivers/STM32G0xx_HAL_Driver/stm32g0xx_hal_adc_ex.o
 .text.LL_ADC_GetCalibrationFactor
                0x08001bf6       0x1a ./Drivers/STM32G0xx_HAL_Driver/stm32g0xx_hal_adc_ex.o
 .text.LL_ADC_Enable
                0x08001c10       0x24 ./Drivers/STM32G0xx_HAL_Driver/stm32g0xx_hal_adc_ex.o
 .text.LL_ADC_Disable
                0x08001c34       0x24 ./Drivers/STM32G0xx_HAL_Driver/stm32g0xx_hal_adc_ex.o
 .text.LL_ADC_IsEnabled
                0x08001c58       0x22 ./Drivers/STM32G0xx_HAL_Driver/stm32g0xx_hal_adc_ex.o
 *fill*         0x08001c7a        0x2 
 .text.LL_ADC_StartCalibration
                0x08001c7c       0x28 ./Drivers/STM32G0xx_HAL_Driver/stm32g0xx_hal_adc_ex.o
 .text.LL_ADC_IsCalibrationOnGoing
                0x08001ca4       0x26 ./Drivers/STM32G0xx_HAL_Driver/stm32g0xx_hal_adc_ex.o
 *fill*         0x08001cca        0x2 
 .text.HAL_ADCEx_Calibration_Start
                0x08001ccc      0x1f8 ./Drivers/STM32G0xx_HAL_Driver/stm32g0xx_hal_adc_ex.o
                0x08001ccc                HAL_ADCEx_Calibration_Start
 .text.__NVIC_SetPriority
                0x08001ec4       0xdc ./Drivers/STM32G0xx_HAL_Driver/stm32g0xx_hal_cortex.o
 .text.SysTick_Config
                0x08001fa0       0x48 ./Drivers/STM32G0xx_HAL_Driver/stm32g0xx_hal_cortex.o
 .text.HAL_NVIC_SetPriority
                0x08001fe8       0x2a ./Drivers/STM32G0xx_HAL_Driver/stm32g0xx_hal_cortex.o
                0x08001fe8                HAL_NVIC_SetPriority
 .text.HAL_SYSTICK_Config
                0x08002012       0x1a ./Drivers/STM32G0xx_HAL_Driver/stm32g0xx_hal_cortex.o
                0x08002012                HAL_SYSTICK_Config
 .text.HAL_GPIO_Init
                0x0800202c      0x2c8 ./Drivers/STM32G0xx_HAL_Driver/stm32g0xx_hal_gpio.o
                0x0800202c                HAL_GPIO_Init
 .text.HAL_GPIO_WritePin
                0x080022f4       0x3a ./Drivers/STM32G0xx_HAL_Driver/stm32g0xx_hal_gpio.o
                0x080022f4                HAL_GPIO_WritePin
 *fill*         0x0800232e        0x2 
 .text.HAL_PWREx_ControlVoltageScaling
                0x08002330       0x80 ./Drivers/STM32G0xx_HAL_Driver/stm32g0xx_hal_pwr_ex.o
                0x08002330                HAL_PWREx_ControlVoltageScaling
 .text.LL_RCC_GetAPB1Prescaler
                0x080023b0       0x18 ./Drivers/STM32G0xx_HAL_Driver/stm32g0xx_hal_rcc.o
 .text.HAL_RCC_OscConfig
                0x080023c8      0x634 ./Drivers/STM32G0xx_HAL_Driver/stm32g0xx_hal_rcc.o
                0x080023c8                HAL_RCC_OscConfig
 .text.HAL_RCC_ClockConfig
                0x080029fc      0x210 ./Drivers/STM32G0xx_HAL_Driver/stm32g0xx_hal_rcc.o
                0x080029fc                HAL_RCC_ClockConfig
 .text.HAL_RCC_GetSysClockFreq
                0x08002c0c      0x104 ./Drivers/STM32G0xx_HAL_Driver/stm32g0xx_hal_rcc.o
                0x08002c0c                HAL_RCC_GetSysClockFreq
 .text.HAL_RCC_GetHCLKFreq
                0x08002d10       0x14 ./Drivers/STM32G0xx_HAL_Driver/stm32g0xx_hal_rcc.o
                0x08002d10                HAL_RCC_GetHCLKFreq
 .text.HAL_RCC_GetPCLK1Freq
                0x08002d24       0x2c ./Drivers/STM32G0xx_HAL_Driver/stm32g0xx_hal_rcc.o
                0x08002d24                HAL_RCC_GetPCLK1Freq
 .text.HAL_RCCEx_PeriphCLKConfig
                0x08002d50      0x370 ./Drivers/STM32G0xx_HAL_Driver/stm32g0xx_hal_rcc_ex.o
                0x08002d50                HAL_RCCEx_PeriphCLKConfig
 .text.HAL_TIM_Base_Init
                0x080030c0       0xb0 ./Drivers/STM32G0xx_HAL_Driver/stm32g0xx_hal_tim.o
                0x080030c0                HAL_TIM_Base_Init
 .text.HAL_TIM_PWM_Init
                0x08003170       0xb0 ./Drivers/STM32G0xx_HAL_Driver/stm32g0xx_hal_tim.o
                0x08003170                HAL_TIM_PWM_Init
 .text.HAL_TIM_PWM_MspInit
                0x08003220       0x10 ./Drivers/STM32G0xx_HAL_Driver/stm32g0xx_hal_tim.o
                0x08003220                HAL_TIM_PWM_MspInit
 .text.HAL_TIM_PWM_Start
                0x08003230      0x1d4 ./Drivers/STM32G0xx_HAL_Driver/stm32g0xx_hal_tim.o
                0x08003230                HAL_TIM_PWM_Start
 .text.HAL_TIM_PWM_ConfigChannel
                0x08003404      0x200 ./Drivers/STM32G0xx_HAL_Driver/stm32g0xx_hal_tim.o
                0x08003404                HAL_TIM_PWM_ConfigChannel
 .text.HAL_TIM_ConfigClockSource
                0x08003604      0x1ac ./Drivers/STM32G0xx_HAL_Driver/stm32g0xx_hal_tim.o
                0x08003604                HAL_TIM_ConfigClockSource
 .text.TIM_Base_SetConfig
                0x080037b0      0x11c ./Drivers/STM32G0xx_HAL_Driver/stm32g0xx_hal_tim.o
                0x080037b0                TIM_Base_SetConfig
 .text.TIM_OC1_SetConfig
                0x080038cc      0x114 ./Drivers/STM32G0xx_HAL_Driver/stm32g0xx_hal_tim.o
 .text.TIM_OC2_SetConfig
                0x080039e0      0x108 ./Drivers/STM32G0xx_HAL_Driver/stm32g0xx_hal_tim.o
                0x080039e0                TIM_OC2_SetConfig
 .text.TIM_OC3_SetConfig
                0x08003ae8      0x110 ./Drivers/STM32G0xx_HAL_Driver/stm32g0xx_hal_tim.o
 .text.TIM_OC4_SetConfig
                0x08003bf8       0xd4 ./Drivers/STM32G0xx_HAL_Driver/stm32g0xx_hal_tim.o
 .text.TIM_OC5_SetConfig
                0x08003ccc       0xc0 ./Drivers/STM32G0xx_HAL_Driver/stm32g0xx_hal_tim.o
 .text.TIM_OC6_SetConfig
                0x08003d8c       0xc8 ./Drivers/STM32G0xx_HAL_Driver/stm32g0xx_hal_tim.o
 .text.TIM_TI1_ConfigInputStage
                0x08003e54       0x5c ./Drivers/STM32G0xx_HAL_Driver/stm32g0xx_hal_tim.o
 .text.TIM_TI2_ConfigInputStage
                0x08003eb0       0x64 ./Drivers/STM32G0xx_HAL_Driver/stm32g0xx_hal_tim.o
 .text.TIM_ITRx_SetConfig
                0x08003f14       0x38 ./Drivers/STM32G0xx_HAL_Driver/stm32g0xx_hal_tim.o
 .text.TIM_ETR_SetConfig
                0x08003f4c       0x40 ./Drivers/STM32G0xx_HAL_Driver/stm32g0xx_hal_tim.o
                0x08003f4c                TIM_ETR_SetConfig
 .text.TIM_CCxChannelCmd
                0x08003f8c       0x46 ./Drivers/STM32G0xx_HAL_Driver/stm32g0xx_hal_tim.o
                0x08003f8c                TIM_CCxChannelCmd
 *fill*         0x08003fd2        0x2 
 .text.HAL_TIMEx_MasterConfigSynchronization
                0x08003fd4       0xdc ./Drivers/STM32G0xx_HAL_Driver/stm32g0xx_hal_tim_ex.o
                0x08003fd4                HAL_TIMEx_MasterConfigSynchronization
 .text.HAL_UART_Init
                0x080040b0       0xac ./Drivers/STM32G0xx_HAL_Driver/stm32g0xx_hal_uart.o
                0x080040b0                HAL_UART_Init
 .text.UART_SetConfig
                0x0800415c      0x57c ./Drivers/STM32G0xx_HAL_Driver/stm32g0xx_hal_uart.o
                0x0800415c                UART_SetConfig
 .text.UART_AdvFeatureConfig
                0x080046d8      0x168 ./Drivers/STM32G0xx_HAL_Driver/stm32g0xx_hal_uart.o
                0x080046d8                UART_AdvFeatureConfig
 .text.UART_CheckIdleState
                0x08004840      0x154 ./Drivers/STM32G0xx_HAL_Driver/stm32g0xx_hal_uart.o
                0x08004840                UART_CheckIdleState
 .text.UART_WaitOnFlagUntilTimeout
                0x08004994       0xde ./Drivers/STM32G0xx_HAL_Driver/stm32g0xx_hal_uart.o
                0x08004994                UART_WaitOnFlagUntilTimeout
 *fill*         0x08004a72        0x2 
 .text.UART_EndRxTransfer
                0x08004a74       0xcc ./Drivers/STM32G0xx_HAL_Driver/stm32g0xx_hal_uart.o
 .text.HAL_UARTEx_DisableFifoMode
                0x08004b40       0x74 ./Drivers/STM32G0xx_HAL_Driver/stm32g0xx_hal_uart_ex.o
                0x08004b40                HAL_UARTEx_DisableFifoMode
 .text.HAL_UARTEx_SetTxFifoThreshold
                0x08004bb4       0x7e ./Drivers/STM32G0xx_HAL_Driver/stm32g0xx_hal_uart_ex.o
                0x08004bb4                HAL_UARTEx_SetTxFifoThreshold
 *fill*         0x08004c32        0x2 
 .text.HAL_UARTEx_SetRxFifoThreshold
                0x08004c34       0x84 ./Drivers/STM32G0xx_HAL_Driver/stm32g0xx_hal_uart_ex.o
                0x08004c34                HAL_UARTEx_SetRxFifoThreshold
 .text.UARTEx_SetNbDataToProcess
                0x08004cb8       0xbc ./Drivers/STM32G0xx_HAL_Driver/stm32g0xx_hal_uart_ex.o
 .text.memset   0x08004d74       0x10 C:/ST/STM32CubeIDE_1.19.0/STM32CubeIDE/plugins/com.st.stm32cube.ide.mcu.externaltools.gnu-tools-for-stm32.13.3.rel1.win32_1.0.0.202411081344/tools/bin/../lib/gcc/arm-none-eabi/13.3.1/../../../../arm-none-eabi/lib/thumb/v6-m/nofp\libc_nano.a(libc_a-memset.o)
                0x08004d74                memset
 .text.__libc_init_array
                0x08004d84       0x48 C:/ST/STM32CubeIDE_1.19.0/STM32CubeIDE/plugins/com.st.stm32cube.ide.mcu.externaltools.gnu-tools-for-stm32.13.3.rel1.win32_1.0.0.202411081344/tools/bin/../lib/gcc/arm-none-eabi/13.3.1/../../../../arm-none-eabi/lib/thumb/v6-m/nofp\libc_nano.a(libc_a-init.o)
                0x08004d84                __libc_init_array
 *(.glue_7)
 .glue_7        0x08004dcc        0x0 linker stubs
 *(.glue_7t)
 .glue_7t       0x08004dcc        0x0 linker stubs
 *(.eh_frame)
 .eh_frame      0x08004dcc        0x0 C:/ST/STM32CubeIDE_1.19.0/STM32CubeIDE/plugins/com.st.stm32cube.ide.mcu.externaltools.gnu-tools-for-stm32.13.3.rel1.win32_1.0.0.202411081344/tools/bin/../lib/gcc/arm-none-eabi/13.3.1/thumb/v6-m/nofp/crtbegin.o
 *(.init)
 .init          0x08004dcc        0x4 C:/ST/STM32CubeIDE_1.19.0/STM32CubeIDE/plugins/com.st.stm32cube.ide.mcu.externaltools.gnu-tools-for-stm32.13.3.rel1.win32_1.0.0.202411081344/tools/bin/../lib/gcc/arm-none-eabi/13.3.1/thumb/v6-m/nofp/crti.o
                0x08004dcc                _init
 .init          0x08004dd0        0x8 C:/ST/STM32CubeIDE_1.19.0/STM32CubeIDE/plugins/com.st.stm32cube.ide.mcu.externaltools.gnu-tools-for-stm32.13.3.rel1.win32_1.0.0.202411081344/tools/bin/../lib/gcc/arm-none-eabi/13.3.1/thumb/v6-m/nofp/crtn.o
 *(.fini)
 .fini          0x08004dd8        0x4 C:/ST/STM32CubeIDE_1.19.0/STM32CubeIDE/plugins/com.st.stm32cube.ide.mcu.externaltools.gnu-tools-for-stm32.13.3.rel1.win32_1.0.0.202411081344/tools/bin/../lib/gcc/arm-none-eabi/13.3.1/thumb/v6-m/nofp/crti.o
                0x08004dd8                _fini
 .fini          0x08004ddc        0x8 C:/ST/STM32CubeIDE_1.19.0/STM32CubeIDE/plugins/com.st.stm32cube.ide.mcu.externaltools.gnu-tools-for-stm32.13.3.rel1.win32_1.0.0.202411081344/tools/bin/../lib/gcc/arm-none-eabi/13.3.1/thumb/v6-m/nofp/crtn.o
                0x08004de4                        . = ALIGN (0x4)
                0x08004de4                        _etext = .

.vfp11_veneer   0x08004de4        0x0
 .vfp11_veneer  0x08004de4        0x0 linker stubs

.v4_bx          0x08004de4        0x0
 .v4_bx         0x08004de4        0x0 linker stubs

.iplt           0x08004de4        0x0
 .iplt          0x08004de4        0x0 C:/ST/STM32CubeIDE_1.19.0/STM32CubeIDE/plugins/com.st.stm32cube.ide.mcu.externaltools.gnu-tools-for-stm32.13.3.rel1.win32_1.0.0.202411081344/tools/bin/../lib/gcc/arm-none-eabi/13.3.1/thumb/v6-m/nofp/crtbegin.o

.rodata         0x08004de4       0xdc
                0x08004de4                        . = ALIGN (0x4)
 *(.rodata)
 *(.rodata*)
 .rodata.AHBPrescTable
                0x08004de4       0x40 ./Drivers/CMSIS/system_stm32g0xx.o
                0x08004de4                AHBPrescTable
 .rodata.APBPrescTable
                0x08004e24       0x20 ./Drivers/CMSIS/system_stm32g0xx.o
                0x08004e24                APBPrescTable
 .rodata.HAL_TIM_PWM_ConfigChannel
                0x08004e44       0x54 ./Drivers/STM32G0xx_HAL_Driver/stm32g0xx_hal_tim.o
 .rodata.UARTPrescTable
                0x08004e98       0x18 ./Drivers/STM32G0xx_HAL_Driver/stm32g0xx_hal_uart.o
                0x08004e98                UARTPrescTable
 .rodata.numerator.1
                0x08004eb0        0x8 ./Drivers/STM32G0xx_HAL_Driver/stm32g0xx_hal_uart_ex.o
 .rodata.denominator.0
                0x08004eb8        0x8 ./Drivers/STM32G0xx_HAL_Driver/stm32g0xx_hal_uart_ex.o
                0x08004ec0                        . = ALIGN (0x4)

.ARM.extab      0x08004ec0        0x0
                0x08004ec0                        . = ALIGN (0x4)
 *(.ARM.extab* .gnu.linkonce.armextab.*)
                0x08004ec0                        . = ALIGN (0x4)

.ARM            0x08004ec0        0x8
                0x08004ec0                        . = ALIGN (0x4)
                0x08004ec0                        __exidx_start = .
 *(.ARM.exidx*)
 .ARM.exidx     0x08004ec0        0x8 C:/ST/STM32CubeIDE_1.19.0/STM32CubeIDE/plugins/com.st.stm32cube.ide.mcu.externaltools.gnu-tools-for-stm32.13.3.rel1.win32_1.0.0.202411081344/tools/bin/../lib/gcc/arm-none-eabi/13.3.1/thumb/v6-m/nofp\libgcc.a(_udivmoddi4.o)
                0x08004ec8                        __exidx_end = .
                0x08004ec8                        . = ALIGN (0x4)

.preinit_array  0x08004ec8        0x0
                0x08004ec8                        . = ALIGN (0x4)
                0x08004ec8                        PROVIDE (__preinit_array_start = .)
 *(.preinit_array*)
                0x08004ec8                        PROVIDE (__preinit_array_end = .)
                0x08004ec8                        . = ALIGN (0x4)

.init_array     0x08004ec8        0x4
                0x08004ec8                        . = ALIGN (0x4)
                0x08004ec8                        PROVIDE (__init_array_start = .)
 *(SORT_BY_NAME(.init_array.*))
 *(.init_array*)
 .init_array    0x08004ec8        0x4 C:/ST/STM32CubeIDE_1.19.0/STM32CubeIDE/plugins/com.st.stm32cube.ide.mcu.externaltools.gnu-tools-for-stm32.13.3.rel1.win32_1.0.0.202411081344/tools/bin/../lib/gcc/arm-none-eabi/13.3.1/thumb/v6-m/nofp/crtbegin.o
                0x08004ecc                        PROVIDE (__init_array_end = .)
                0x08004ecc                        . = ALIGN (0x4)

.fini_array     0x08004ecc        0x4
                0x08004ecc                        . = ALIGN (0x4)
                [!provide]                        PROVIDE (__fini_array_start = .)
 *(SORT_BY_NAME(.fini_array.*))
 *(.fini_array*)
 .fini_array    0x08004ecc        0x4 C:/ST/STM32CubeIDE_1.19.0/STM32CubeIDE/plugins/com.st.stm32cube.ide.mcu.externaltools.gnu-tools-for-stm32.13.3.rel1.win32_1.0.0.202411081344/tools/bin/../lib/gcc/arm-none-eabi/13.3.1/thumb/v6-m/nofp/crtbegin.o
                [!provide]                        PROVIDE (__fini_array_end = .)
                0x08004ed0                        . = ALIGN (0x4)
                0x08004ed0                        _sidata = LOADADDR (.data)

.rel.dyn        0x08004ed0        0x0
 .rel.iplt      0x08004ed0        0x0 C:/ST/STM32CubeIDE_1.19.0/STM32CubeIDE/plugins/com.st.stm32cube.ide.mcu.externaltools.gnu-tools-for-stm32.13.3.rel1.win32_1.0.0.202411081344/tools/bin/../lib/gcc/arm-none-eabi/13.3.1/thumb/v6-m/nofp/crtbegin.o

.data           0x20000000        0xc load address 0x08004ed0
                0x20000000                        . = ALIGN (0x4)
                0x20000000                        _sdata = .
 *(.data)
 *(.data*)
 .data.SystemCoreClock
                0x20000000        0x4 ./Drivers/CMSIS/system_stm32g0xx.o
                0x20000000                SystemCoreClock
 .data.uwTickPrio
                0x20000004        0x4 ./Drivers/STM32G0xx_HAL_Driver/stm32g0xx_hal.o
                0x20000004                uwTickPrio
 .data.uwTickFreq
                0x20000008        0x1 ./Drivers/STM32G0xx_HAL_Driver/stm32g0xx_hal.o
                0x20000008                uwTickFreq
 *(.RamFunc)
 *(.RamFunc*)
                0x2000000c                        . = ALIGN (0x4)
 *fill*         0x20000009        0x3 
                0x2000000c                        _edata = .

.igot.plt       0x2000000c        0x0 load address 0x08004edc
 .igot.plt      0x2000000c        0x0 C:/ST/STM32CubeIDE_1.19.0/STM32CubeIDE/plugins/com.st.stm32cube.ide.mcu.externaltools.gnu-tools-for-stm32.13.3.rel1.win32_1.0.0.202411081344/tools/bin/../lib/gcc/arm-none-eabi/13.3.1/thumb/v6-m/nofp/crtbegin.o
                0x2000000c                        . = ALIGN (0x4)

.bss            0x2000000c      0x16c load address 0x08004edc
                0x2000000c                        _sbss = .
                0x2000000c                        __bss_start__ = _sbss
 *(.bss)
 .bss           0x2000000c       0x1c C:/ST/STM32CubeIDE_1.19.0/STM32CubeIDE/plugins/com.st.stm32cube.ide.mcu.externaltools.gnu-tools-for-stm32.13.3.rel1.win32_1.0.0.202411081344/tools/bin/../lib/gcc/arm-none-eabi/13.3.1/thumb/v6-m/nofp/crtbegin.o
 *(.bss*)
 .bss.hadc1     0x20000028       0x64 ./Application/User/Core/adc.o
                0x20000028                hadc1
 .bss.adcValue  0x2000008c        0x4 ./Application/User/Core/main.o
                0x2000008c                adcValue
 .bss.pwmValue  0x20000090        0x4 ./Application/User/Core/main.o
                0x20000090                pwmValue
 .bss.htim3     0x20000094       0x4c ./Application/User/Core/tim.o
                0x20000094                htim3
 .bss.huart2    0x200000e0       0x94 ./Application/User/Core/usart.o
                0x200000e0                huart2
 .bss.uwTick    0x20000174        0x4 ./Drivers/STM32G0xx_HAL_Driver/stm32g0xx_hal.o
                0x20000174                uwTick
 *(COMMON)
                0x20000178                        . = ALIGN (0x4)
                0x20000178                        _ebss = .
                0x20000178                        __bss_end__ = _ebss

._user_heap_stack
                0x20000178      0x600 load address 0x08004edc
                0x20000178                        . = ALIGN (0x8)
                [!provide]                        PROVIDE (end = .)
                0x20000178                        PROVIDE (_end = .)
                0x20000378                        . = (. + _Min_Heap_Size)
 *fill*         0x20000178      0x200 
                0x20000778                        . = (. + _Min_Stack_Size)
 *fill*         0x20000378      0x400 
                0x20000778                        . = ALIGN (0x8)

/DISCARD/
 libc.a(*)
 libm.a(*)
 libgcc.a(*)

.ARM.attributes
                0x00000000       0x28
 *(.ARM.attributes)
 .ARM.attributes
                0x00000000       0x1e C:/ST/STM32CubeIDE_1.19.0/STM32CubeIDE/plugins/com.st.stm32cube.ide.mcu.externaltools.gnu-tools-for-stm32.13.3.rel1.win32_1.0.0.202411081344/tools/bin/../lib/gcc/arm-none-eabi/13.3.1/thumb/v6-m/nofp/crti.o
 .ARM.attributes
                0x0000001e       0x2c C:/ST/STM32CubeIDE_1.19.0/STM32CubeIDE/plugins/com.st.stm32cube.ide.mcu.externaltools.gnu-tools-for-stm32.13.3.rel1.win32_1.0.0.202411081344/tools/bin/../lib/gcc/arm-none-eabi/13.3.1/thumb/v6-m/nofp/crtbegin.o
 .ARM.attributes
                0x0000004a       0x2c ./Application/User/Core/adc.o
 .ARM.attributes
                0x00000076       0x2c ./Application/User/Core/gpio.o
 .ARM.attributes
                0x000000a2       0x2c ./Application/User/Core/main.o
 .ARM.attributes
                0x000000ce       0x2c ./Application/User/Core/stm32g0xx_hal_msp.o
 .ARM.attributes
                0x000000fa       0x2c ./Application/User/Core/stm32g0xx_it.o
 .ARM.attributes
                0x00000126       0x2c ./Application/User/Core/tim.o
 .ARM.attributes
                0x00000152       0x2c ./Application/User/Core/usart.o
 .ARM.attributes
                0x0000017e       0x22 ./Application/User/Startup/startup_stm32g071rbtx.o
 .ARM.attributes
                0x000001a0       0x2c ./Drivers/CMSIS/system_stm32g0xx.o
 .ARM.attributes
                0x000001cc       0x2c ./Drivers/STM32G0xx_HAL_Driver/stm32g0xx_hal.o
 .ARM.attributes
                0x000001f8       0x2c ./Drivers/STM32G0xx_HAL_Driver/stm32g0xx_hal_adc.o
 .ARM.attributes
                0x00000224       0x2c ./Drivers/STM32G0xx_HAL_Driver/stm32g0xx_hal_adc_ex.o
 .ARM.attributes
                0x00000250       0x2c ./Drivers/STM32G0xx_HAL_Driver/stm32g0xx_hal_cortex.o
 .ARM.attributes
                0x0000027c       0x2c ./Drivers/STM32G0xx_HAL_Driver/stm32g0xx_hal_gpio.o
 .ARM.attributes
                0x000002a8       0x2c ./Drivers/STM32G0xx_HAL_Driver/stm32g0xx_hal_pwr_ex.o
 .ARM.attributes
                0x000002d4       0x2c ./Drivers/STM32G0xx_HAL_Driver/stm32g0xx_hal_rcc.o
 .ARM.attributes
                0x00000300       0x2c ./Drivers/STM32G0xx_HAL_Driver/stm32g0xx_hal_rcc_ex.o
 .ARM.attributes
                0x0000032c       0x2c ./Drivers/STM32G0xx_HAL_Driver/stm32g0xx_hal_tim.o
 .ARM.attributes
                0x00000358       0x2c ./Drivers/STM32G0xx_HAL_Driver/stm32g0xx_hal_tim_ex.o
 .ARM.attributes
                0x00000384       0x2c ./Drivers/STM32G0xx_HAL_Driver/stm32g0xx_hal_uart.o
 .ARM.attributes
                0x000003b0       0x2c ./Drivers/STM32G0xx_HAL_Driver/stm32g0xx_hal_uart_ex.o
 .ARM.attributes
                0x000003dc       0x2c C:/ST/STM32CubeIDE_1.19.0/STM32CubeIDE/plugins/com.st.stm32cube.ide.mcu.externaltools.gnu-tools-for-stm32.13.3.rel1.win32_1.0.0.202411081344/tools/bin/../lib/gcc/arm-none-eabi/13.3.1/../../../../arm-none-eabi/lib/thumb/v6-m/nofp\libc_nano.a(libc_a-memset.o)
 .ARM.attributes
                0x00000408       0x2c C:/ST/STM32CubeIDE_1.19.0/STM32CubeIDE/plugins/com.st.stm32cube.ide.mcu.externaltools.gnu-tools-for-stm32.13.3.rel1.win32_1.0.0.202411081344/tools/bin/../lib/gcc/arm-none-eabi/13.3.1/../../../../arm-none-eabi/lib/thumb/v6-m/nofp\libc_nano.a(libc_a-init.o)
 .ARM.attributes
                0x00000434       0x1e C:/ST/STM32CubeIDE_1.19.0/STM32CubeIDE/plugins/com.st.stm32cube.ide.mcu.externaltools.gnu-tools-for-stm32.13.3.rel1.win32_1.0.0.202411081344/tools/bin/../lib/gcc/arm-none-eabi/13.3.1/thumb/v6-m/nofp\libgcc.a(_udivsi3.o)
 .ARM.attributes
                0x00000452       0x1e C:/ST/STM32CubeIDE_1.19.0/STM32CubeIDE/plugins/com.st.stm32cube.ide.mcu.externaltools.gnu-tools-for-stm32.13.3.rel1.win32_1.0.0.202411081344/tools/bin/../lib/gcc/arm-none-eabi/13.3.1/thumb/v6-m/nofp\libgcc.a(_divsi3.o)
 .ARM.attributes
                0x00000470       0x1e C:/ST/STM32CubeIDE_1.19.0/STM32CubeIDE/plugins/com.st.stm32cube.ide.mcu.externaltools.gnu-tools-for-stm32.13.3.rel1.win32_1.0.0.202411081344/tools/bin/../lib/gcc/arm-none-eabi/13.3.1/thumb/v6-m/nofp\libgcc.a(_dvmd_tls.o)
 .ARM.attributes
                0x0000048e       0x1e C:/ST/STM32CubeIDE_1.19.0/STM32CubeIDE/plugins/com.st.stm32cube.ide.mcu.externaltools.gnu-tools-for-stm32.13.3.rel1.win32_1.0.0.202411081344/tools/bin/../lib/gcc/arm-none-eabi/13.3.1/thumb/v6-m/nofp\libgcc.a(_aeabi_uldivmod.o)
 .ARM.attributes
                0x000004ac       0x2c C:/ST/STM32CubeIDE_1.19.0/STM32CubeIDE/plugins/com.st.stm32cube.ide.mcu.externaltools.gnu-tools-for-stm32.13.3.rel1.win32_1.0.0.202411081344/tools/bin/../lib/gcc/arm-none-eabi/13.3.1/thumb/v6-m/nofp\libgcc.a(_udivmoddi4.o)
 .ARM.attributes
                0x000004d8       0x1e C:/ST/STM32CubeIDE_1.19.0/STM32CubeIDE/plugins/com.st.stm32cube.ide.mcu.externaltools.gnu-tools-for-stm32.13.3.rel1.win32_1.0.0.202411081344/tools/bin/../lib/gcc/arm-none-eabi/13.3.1/thumb/v6-m/nofp\libgcc.a(_clzdi2.o)
 .ARM.attributes
                0x000004f6       0x1e C:/ST/STM32CubeIDE_1.19.0/STM32CubeIDE/plugins/com.st.stm32cube.ide.mcu.externaltools.gnu-tools-for-stm32.13.3.rel1.win32_1.0.0.202411081344/tools/bin/../lib/gcc/arm-none-eabi/13.3.1/thumb/v6-m/nofp\libgcc.a(_clzsi2.o)
 .ARM.attributes
                0x00000514       0x1e C:/ST/STM32CubeIDE_1.19.0/STM32CubeIDE/plugins/com.st.stm32cube.ide.mcu.externaltools.gnu-tools-for-stm32.13.3.rel1.win32_1.0.0.202411081344/tools/bin/../lib/gcc/arm-none-eabi/13.3.1/thumb/v6-m/nofp/crtn.o
OUTPUT(EP10.elf elf32-littlearm)
LOAD linker stubs
LOAD C:/ST/STM32CubeIDE_1.19.0/STM32CubeIDE/plugins/com.st.stm32cube.ide.mcu.externaltools.gnu-tools-for-stm32.13.3.rel1.win32_1.0.0.202411081344/tools/bin/../lib/gcc/arm-none-eabi/13.3.1/../../../../arm-none-eabi/lib/thumb/v6-m/nofp\libc.a
LOAD C:/ST/STM32CubeIDE_1.19.0/STM32CubeIDE/plugins/com.st.stm32cube.ide.mcu.externaltools.gnu-tools-for-stm32.13.3.rel1.win32_1.0.0.202411081344/tools/bin/../lib/gcc/arm-none-eabi/13.3.1/../../../../arm-none-eabi/lib/thumb/v6-m/nofp\libm.a
LOAD C:/ST/STM32CubeIDE_1.19.0/STM32CubeIDE/plugins/com.st.stm32cube.ide.mcu.externaltools.gnu-tools-for-stm32.13.3.rel1.win32_1.0.0.202411081344/tools/bin/../lib/gcc/arm-none-eabi/13.3.1/thumb/v6-m/nofp\libgcc.a

.debug_info     0x00000000    0x12d77
 .debug_info    0x00000000      0xb41 ./Application/User/Core/adc.o
 .debug_info    0x00000b41      0x3da ./Application/User/Core/gpio.o
 .debug_info    0x00000f1b      0xdd2 ./Application/User/Core/main.o
 .debug_info    0x00001ced      0x265 ./Application/User/Core/stm32g0xx_hal_msp.o
 .debug_info    0x00001f52      0x117 ./Application/User/Core/stm32g0xx_it.o
 .debug_info    0x00002069      0xcf7 ./Application/User/Core/tim.o
 .debug_info    0x00002d60      0xc4a ./Application/User/Core/usart.o
 .debug_info    0x000039aa       0x30 ./Application/User/Startup/startup_stm32g071rbtx.o
 .debug_info    0x000039da      0x316 ./Drivers/CMSIS/system_stm32g0xx.o
 .debug_info    0x00003cf0      0xa34 ./Drivers/STM32G0xx_HAL_Driver/stm32g0xx_hal.o
 .debug_info    0x00004724     0x1581 ./Drivers/STM32G0xx_HAL_Driver/stm32g0xx_hal_adc.o
 .debug_info    0x00005ca5      0xb40 ./Drivers/STM32G0xx_HAL_Driver/stm32g0xx_hal_adc_ex.o
 .debug_info    0x000067e5      0x8d9 ./Drivers/STM32G0xx_HAL_Driver/stm32g0xx_hal_cortex.o
 .debug_info    0x000070be      0x5b9 ./Drivers/STM32G0xx_HAL_Driver/stm32g0xx_hal_gpio.o
 .debug_info    0x00007677      0x7c1 ./Drivers/STM32G0xx_HAL_Driver/stm32g0xx_hal_pwr_ex.o
 .debug_info    0x00007e38      0xb1b ./Drivers/STM32G0xx_HAL_Driver/stm32g0xx_hal_rcc.o
 .debug_info    0x00008953      0x77f ./Drivers/STM32G0xx_HAL_Driver/stm32g0xx_hal_rcc_ex.o
 .debug_info    0x000090d2     0x2bc9 ./Drivers/STM32G0xx_HAL_Driver/stm32g0xx_hal_tim.o
 .debug_info    0x0000bc9b     0x18da ./Drivers/STM32G0xx_HAL_Driver/stm32g0xx_hal_tim_ex.o
 .debug_info    0x0000d575     0x4859 ./Drivers/STM32G0xx_HAL_Driver/stm32g0xx_hal_uart.o
 .debug_info    0x00011dce      0xfa9 ./Drivers/STM32G0xx_HAL_Driver/stm32g0xx_hal_uart_ex.o

.debug_abbrev   0x00000000     0x2aa2
 .debug_abbrev  0x00000000      0x1f2 ./Application/User/Core/adc.o
 .debug_abbrev  0x000001f2      0x158 ./Application/User/Core/gpio.o
 .debug_abbrev  0x0000034a      0x23e ./Application/User/Core/main.o
 .debug_abbrev  0x00000588       0xdd ./Application/User/Core/stm32g0xx_hal_msp.o
 .debug_abbrev  0x00000665       0xac ./Application/User/Core/stm32g0xx_it.o
 .debug_abbrev  0x00000711      0x217 ./Application/User/Core/tim.o
 .debug_abbrev  0x00000928      0x20d ./Application/User/Core/usart.o
 .debug_abbrev  0x00000b35       0x24 ./Application/User/Startup/startup_stm32g071rbtx.o
 .debug_abbrev  0x00000b59      0x119 ./Drivers/CMSIS/system_stm32g0xx.o
 .debug_abbrev  0x00000c72      0x2b2 ./Drivers/STM32G0xx_HAL_Driver/stm32g0xx_hal.o
 .debug_abbrev  0x00000f24      0x277 ./Drivers/STM32G0xx_HAL_Driver/stm32g0xx_hal_adc.o
 .debug_abbrev  0x0000119b      0x243 ./Drivers/STM32G0xx_HAL_Driver/stm32g0xx_hal_adc_ex.o
 .debug_abbrev  0x000013de      0x2ab ./Drivers/STM32G0xx_HAL_Driver/stm32g0xx_hal_cortex.o
 .debug_abbrev  0x00001689      0x1c8 ./Drivers/STM32G0xx_HAL_Driver/stm32g0xx_hal_gpio.o
 .debug_abbrev  0x00001851      0x238 ./Drivers/STM32G0xx_HAL_Driver/stm32g0xx_hal_pwr_ex.o
 .debug_abbrev  0x00001a89      0x2aa ./Drivers/STM32G0xx_HAL_Driver/stm32g0xx_hal_rcc.o
 .debug_abbrev  0x00001d33      0x229 ./Drivers/STM32G0xx_HAL_Driver/stm32g0xx_hal_rcc_ex.o
 .debug_abbrev  0x00001f5c      0x298 ./Drivers/STM32G0xx_HAL_Driver/stm32g0xx_hal_tim.o
 .debug_abbrev  0x000021f4      0x2a8 ./Drivers/STM32G0xx_HAL_Driver/stm32g0xx_hal_tim_ex.o
 .debug_abbrev  0x0000249c      0x322 ./Drivers/STM32G0xx_HAL_Driver/stm32g0xx_hal_uart.o
 .debug_abbrev  0x000027be      0x2e4 ./Drivers/STM32G0xx_HAL_Driver/stm32g0xx_hal_uart_ex.o

.debug_aranges  0x00000000     0x10d8
 .debug_aranges
                0x00000000       0x30 ./Application/User/Core/adc.o
 .debug_aranges
                0x00000030       0x20 ./Application/User/Core/gpio.o
 .debug_aranges
                0x00000050       0x30 ./Application/User/Core/main.o
 .debug_aranges
                0x00000080       0x20 ./Application/User/Core/stm32g0xx_hal_msp.o
 .debug_aranges
                0x000000a0       0x40 ./Application/User/Core/stm32g0xx_it.o
 .debug_aranges
                0x000000e0       0x38 ./Application/User/Core/tim.o
 .debug_aranges
                0x00000118       0x30 ./Application/User/Core/usart.o
 .debug_aranges
                0x00000148       0x28 ./Application/User/Startup/startup_stm32g071rbtx.o
 .debug_aranges
                0x00000170       0x28 ./Drivers/CMSIS/system_stm32g0xx.o
 .debug_aranges
                0x00000198      0x120 ./Drivers/STM32G0xx_HAL_Driver/stm32g0xx_hal.o
 .debug_aranges
                0x000002b8      0x1f0 ./Drivers/STM32G0xx_HAL_Driver/stm32g0xx_hal_adc.o
 .debug_aranges
                0x000004a8       0xb0 ./Drivers/STM32G0xx_HAL_Driver/stm32g0xx_hal_adc_ex.o
 .debug_aranges
                0x00000558       0xe8 ./Drivers/STM32G0xx_HAL_Driver/stm32g0xx_hal_cortex.o
 .debug_aranges
                0x00000640       0x60 ./Drivers/STM32G0xx_HAL_Driver/stm32g0xx_hal_gpio.o
 .debug_aranges
                0x000006a0       0xf0 ./Drivers/STM32G0xx_HAL_Driver/stm32g0xx_hal_pwr_ex.o
 .debug_aranges
                0x00000790       0xa0 ./Drivers/STM32G0xx_HAL_Driver/stm32g0xx_hal_rcc.o
 .debug_aranges
                0x00000830       0x40 ./Drivers/STM32G0xx_HAL_Driver/stm32g0xx_hal_rcc_ex.o
 .debug_aranges
                0x00000870      0x3e0 ./Drivers/STM32G0xx_HAL_Driver/stm32g0xx_hal_tim.o
 .debug_aranges
                0x00000c50      0x198 ./Drivers/STM32G0xx_HAL_Driver/stm32g0xx_hal_tim_ex.o
 .debug_aranges
                0x00000de8      0x248 ./Drivers/STM32G0xx_HAL_Driver/stm32g0xx_hal_uart.o
 .debug_aranges
                0x00001030       0xa8 ./Drivers/STM32G0xx_HAL_Driver/stm32g0xx_hal_uart_ex.o

.debug_rnglists
                0x00000000      0xd22
 .debug_rnglists
                0x00000000       0x21 ./Application/User/Core/adc.o
 .debug_rnglists
                0x00000021       0x14 ./Application/User/Core/gpio.o
 .debug_rnglists
                0x00000035       0x21 ./Application/User/Core/main.o
 .debug_rnglists
                0x00000056       0x13 ./Application/User/Core/stm32g0xx_hal_msp.o
 .debug_rnglists
                0x00000069       0x2b ./Application/User/Core/stm32g0xx_it.o
 .debug_rnglists
                0x00000094       0x26 ./Application/User/Core/tim.o
 .debug_rnglists
                0x000000ba       0x21 ./Application/User/Core/usart.o
 .debug_rnglists
                0x000000db       0x19 ./Application/User/Startup/startup_stm32g071rbtx.o
 .debug_rnglists
                0x000000f4       0x1a ./Drivers/CMSIS/system_stm32g0xx.o
 .debug_rnglists
                0x0000010e       0xd4 ./Drivers/STM32G0xx_HAL_Driver/stm32g0xx_hal.o
 .debug_rnglists
                0x000001e2      0x17f ./Drivers/STM32G0xx_HAL_Driver/stm32g0xx_hal_adc.o
 .debug_rnglists
                0x00000361       0x81 ./Drivers/STM32G0xx_HAL_Driver/stm32g0xx_hal_adc_ex.o
 .debug_rnglists
                0x000003e2       0xaa ./Drivers/STM32G0xx_HAL_Driver/stm32g0xx_hal_cortex.o
 .debug_rnglists
                0x0000048c       0x45 ./Drivers/STM32G0xx_HAL_Driver/stm32g0xx_hal_gpio.o
 .debug_rnglists
                0x000004d1       0xb5 ./Drivers/STM32G0xx_HAL_Driver/stm32g0xx_hal_pwr_ex.o
 .debug_rnglists
                0x00000586       0x79 ./Drivers/STM32G0xx_HAL_Driver/stm32g0xx_hal_rcc.o
 .debug_rnglists
                0x000005ff       0x30 ./Drivers/STM32G0xx_HAL_Driver/stm32g0xx_hal_rcc_ex.o
 .debug_rnglists
                0x0000062f      0x32a ./Drivers/STM32G0xx_HAL_Driver/stm32g0xx_hal_tim.o
 .debug_rnglists
                0x00000959      0x14e ./Drivers/STM32G0xx_HAL_Driver/stm32g0xx_hal_tim_ex.o
 .debug_rnglists
                0x00000aa7      0x1fb ./Drivers/STM32G0xx_HAL_Driver/stm32g0xx_hal_uart.o
 .debug_rnglists
                0x00000ca2       0x80 ./Drivers/STM32G0xx_HAL_Driver/stm32g0xx_hal_uart_ex.o

.debug_macro    0x00000000    0x19c95
 .debug_macro   0x00000000      0x220 ./Application/User/Core/adc.o
 .debug_macro   0x00000220      0xaae ./Application/User/Core/adc.o
 .debug_macro   0x00000cce      0x123 ./Application/User/Core/adc.o
 .debug_macro   0x00000df1       0x2e ./Application/User/Core/adc.o
 .debug_macro   0x00000e1f       0x28 ./Application/User/Core/adc.o
 .debug_macro   0x00000e47       0x22 ./Application/User/Core/adc.o
 .debug_macro   0x00000e69       0x8e ./Application/User/Core/adc.o
 .debug_macro   0x00000ef7       0x51 ./Application/User/Core/adc.o
 .debug_macro   0x00000f48      0x103 ./Application/User/Core/adc.o
 .debug_macro   0x0000104b       0x6a ./Application/User/Core/adc.o
 .debug_macro   0x000010b5      0x1df ./Application/User/Core/adc.o
 .debug_macro   0x00001294       0x1c ./Application/User/Core/adc.o
 .debug_macro   0x000012b0       0x22 ./Application/User/Core/adc.o
 .debug_macro   0x000012d2       0xd1 ./Application/User/Core/adc.o
 .debug_macro   0x000013a3      0x4da ./Application/User/Core/adc.o
 .debug_macro   0x0000187d      0x11f ./Application/User/Core/adc.o
 .debug_macro   0x0000199c     0xc753 ./Application/User/Core/adc.o
 .debug_macro   0x0000e0ef       0x66 ./Application/User/Core/adc.o
 .debug_macro   0x0000e155     0x350e ./Application/User/Core/adc.o
 .debug_macro   0x00011663      0x190 ./Application/User/Core/adc.o
 .debug_macro   0x000117f3       0x5c ./Application/User/Core/adc.o
 .debug_macro   0x0001184f      0x56c ./Application/User/Core/adc.o
 .debug_macro   0x00011dbb     0x1122 ./Application/User/Core/adc.o
 .debug_macro   0x00012edd      0x264 ./Application/User/Core/adc.o
 .debug_macro   0x00013141      0x1cf ./Application/User/Core/adc.o
 .debug_macro   0x00013310      0x1d8 ./Application/User/Core/adc.o
 .debug_macro   0x000134e8      0x426 ./Application/User/Core/adc.o
 .debug_macro   0x0001390e      0x280 ./Application/User/Core/adc.o
 .debug_macro   0x00013b8e      0x3a7 ./Application/User/Core/adc.o
 .debug_macro   0x00013f35      0x1b2 ./Application/User/Core/adc.o
 .debug_macro   0x000140e7       0x43 ./Application/User/Core/adc.o
 .debug_macro   0x0001412a      0x1f1 ./Application/User/Core/adc.o
 .debug_macro   0x0001431b      0x8b6 ./Application/User/Core/adc.o
 .debug_macro   0x00014bd1      0x5c2 ./Application/User/Core/adc.o
 .debug_macro   0x00015193       0x2e ./Application/User/Core/adc.o
 .debug_macro   0x000151c1      0x1d6 ./Application/User/Core/adc.o
 .debug_macro   0x00015397      0x38a ./Application/User/Core/adc.o
 .debug_macro   0x00015721       0x28 ./Application/User/Core/adc.o
 .debug_macro   0x00015749       0xe4 ./Application/User/Core/adc.o
 .debug_macro   0x0001582d      0x125 ./Application/User/Core/adc.o
 .debug_macro   0x00015952      0x240 ./Application/User/Core/adc.o
 .debug_macro   0x00015b92      0xad0 ./Application/User/Core/adc.o
 .debug_macro   0x00016662      0x1a1 ./Application/User/Core/adc.o
 .debug_macro   0x00016803      0x693 ./Application/User/Core/adc.o
 .debug_macro   0x00016e96       0xa6 ./Application/User/Core/adc.o
 .debug_macro   0x00016f3c      0x4f2 ./Application/User/Core/adc.o
 .debug_macro   0x0001742e       0x10 ./Application/User/Core/adc.o
 .debug_macro   0x0001743e      0x220 ./Application/User/Core/gpio.o
 .debug_macro   0x0001765e      0x242 ./Application/User/Core/main.o
 .debug_macro   0x000178a0      0x216 ./Application/User/Core/stm32g0xx_hal_msp.o
 .debug_macro   0x00017ab6      0x220 ./Application/User/Core/stm32g0xx_it.o
 .debug_macro   0x00017cd6      0x220 ./Application/User/Core/tim.o
 .debug_macro   0x00017ef6      0x220 ./Application/User/Core/usart.o
 .debug_macro   0x00018116      0x207 ./Drivers/CMSIS/system_stm32g0xx.o
 .debug_macro   0x0001831d      0x22b ./Drivers/STM32G0xx_HAL_Driver/stm32g0xx_hal.o
 .debug_macro   0x00018548      0x22b ./Drivers/STM32G0xx_HAL_Driver/stm32g0xx_hal_adc.o
 .debug_macro   0x00018773      0x213 ./Drivers/STM32G0xx_HAL_Driver/stm32g0xx_hal_adc_ex.o
 .debug_macro   0x00018986      0x207 ./Drivers/STM32G0xx_HAL_Driver/stm32g0xx_hal_cortex.o
 .debug_macro   0x00018b8d      0x20e ./Drivers/STM32G0xx_HAL_Driver/stm32g0xx_hal_gpio.o
 .debug_macro   0x00018d9b      0x231 ./Drivers/STM32G0xx_HAL_Driver/stm32g0xx_hal_pwr_ex.o
 .debug_macro   0x00018fcc      0x249 ./Drivers/STM32G0xx_HAL_Driver/stm32g0xx_hal_rcc.o
 .debug_macro   0x00019215      0x21f ./Drivers/STM32G0xx_HAL_Driver/stm32g0xx_hal_rcc_ex.o
 .debug_macro   0x00019434      0x20f ./Drivers/STM32G0xx_HAL_Driver/stm32g0xx_hal_tim.o
 .debug_macro   0x00019643      0x20d ./Drivers/STM32G0xx_HAL_Driver/stm32g0xx_hal_tim_ex.o
 .debug_macro   0x00019850      0x232 ./Drivers/STM32G0xx_HAL_Driver/stm32g0xx_hal_uart.o
 .debug_macro   0x00019a82      0x213 ./Drivers/STM32G0xx_HAL_Driver/stm32g0xx_hal_uart_ex.o

.debug_line     0x00000000    0x156f5
 .debug_line    0x00000000      0x896 ./Application/User/Core/adc.o
 .debug_line    0x00000896      0x80e ./Application/User/Core/gpio.o
 .debug_line    0x000010a4      0x8c4 ./Application/User/Core/main.o
 .debug_line    0x00001968      0x800 ./Application/User/Core/stm32g0xx_hal_msp.o
 .debug_line    0x00002168      0x85d ./Application/User/Core/stm32g0xx_it.o
 .debug_line    0x000029c5      0x8d0 ./Application/User/Core/tim.o
 .debug_line    0x00003295      0x8b3 ./Application/User/Core/usart.o
 .debug_line    0x00003b48       0x7b ./Application/User/Startup/startup_stm32g071rbtx.o
 .debug_line    0x00003bc3      0x873 ./Drivers/CMSIS/system_stm32g0xx.o
 .debug_line    0x00004436      0xbb9 ./Drivers/STM32G0xx_HAL_Driver/stm32g0xx_hal.o
 .debug_line    0x00004fef     0x19df ./Drivers/STM32G0xx_HAL_Driver/stm32g0xx_hal_adc.o
 .debug_line    0x000069ce      0xb58 ./Drivers/STM32G0xx_HAL_Driver/stm32g0xx_hal_adc_ex.o
 .debug_line    0x00007526      0xc4e ./Drivers/STM32G0xx_HAL_Driver/stm32g0xx_hal_cortex.o
 .debug_line    0x00008174      0xc0a ./Drivers/STM32G0xx_HAL_Driver/stm32g0xx_hal_gpio.o
 .debug_line    0x00008d7e      0xb92 ./Drivers/STM32G0xx_HAL_Driver/stm32g0xx_hal_pwr_ex.o
 .debug_line    0x00009910     0x108a ./Drivers/STM32G0xx_HAL_Driver/stm32g0xx_hal_rcc.o
 .debug_line    0x0000a99a      0xe13 ./Drivers/STM32G0xx_HAL_Driver/stm32g0xx_hal_rcc_ex.o
 .debug_line    0x0000b7ad     0x3d95 ./Drivers/STM32G0xx_HAL_Driver/stm32g0xx_hal_tim.o
 .debug_line    0x0000f542     0x1c83 ./Drivers/STM32G0xx_HAL_Driver/stm32g0xx_hal_tim_ex.o
 .debug_line    0x000111c5     0x375e ./Drivers/STM32G0xx_HAL_Driver/stm32g0xx_hal_uart.o
 .debug_line    0x00014923      0xdd2 ./Drivers/STM32G0xx_HAL_Driver/stm32g0xx_hal_uart_ex.o

.debug_str      0x00000000    0xa7b3a
 .debug_str     0x00000000    0xa7b3a ./Application/User/Core/adc.o
                              0xa33a0 (size before relaxing)
 .debug_str     0x000a7b3a    0xa2df8 ./Application/User/Core/gpio.o
 .debug_str     0x000a7b3a    0xa3745 ./Application/User/Core/main.o
 .debug_str     0x000a7b3a    0xa2d2d ./Application/User/Core/stm32g0xx_hal_msp.o
 .debug_str     0x000a7b3a    0xa2cab ./Application/User/Core/stm32g0xx_it.o
 .debug_str     0x000a7b3a    0xa35d9 ./Application/User/Core/tim.o
 .debug_str     0x000a7b3a    0xa3519 ./Application/User/Core/usart.o
 .debug_str     0x000a7b3a       0x87 ./Application/User/Startup/startup_stm32g071rbtx.o
 .debug_str     0x000a7b3a    0xa2d4b ./Drivers/CMSIS/system_stm32g0xx.o
 .debug_str     0x000a7b3a    0xa3548 ./Drivers/STM32G0xx_HAL_Driver/stm32g0xx_hal.o
 .debug_str     0x000a7b3a    0xa3b06 ./Drivers/STM32G0xx_HAL_Driver/stm32g0xx_hal_adc.o
 .debug_str     0x000a7b3a    0xa34e2 ./Drivers/STM32G0xx_HAL_Driver/stm32g0xx_hal_adc_ex.o
 .debug_str     0x000a7b3a    0xa3212 ./Drivers/STM32G0xx_HAL_Driver/stm32g0xx_hal_cortex.o
 .debug_str     0x000a7b3a    0xa2e94 ./Drivers/STM32G0xx_HAL_Driver/stm32g0xx_hal_gpio.o
 .debug_str     0x000a7b3a    0xa31d8 ./Drivers/STM32G0xx_HAL_Driver/stm32g0xx_hal_pwr_ex.o
 .debug_str     0x000a7b3a    0xa34a1 ./Drivers/STM32G0xx_HAL_Driver/stm32g0xx_hal_rcc.o
 .debug_str     0x000a7b3a    0xa3115 ./Drivers/STM32G0xx_HAL_Driver/stm32g0xx_hal_rcc_ex.o
 .debug_str     0x000a7b3a    0xa428d ./Drivers/STM32G0xx_HAL_Driver/stm32g0xx_hal_tim.o
 .debug_str     0x000a7b3a    0xa3c1b ./Drivers/STM32G0xx_HAL_Driver/stm32g0xx_hal_tim_ex.o
 .debug_str     0x000a7b3a    0xa3d16 ./Drivers/STM32G0xx_HAL_Driver/stm32g0xx_hal_uart.o
 .debug_str     0x000a7b3a    0xa35d5 ./Drivers/STM32G0xx_HAL_Driver/stm32g0xx_hal_uart_ex.o

.comment        0x00000000       0x43
 .comment       0x00000000       0x43 ./Application/User/Core/adc.o
                                 0x44 (size before relaxing)
 .comment       0x00000043       0x44 ./Application/User/Core/gpio.o
 .comment       0x00000043       0x44 ./Application/User/Core/main.o
 .comment       0x00000043       0x44 ./Application/User/Core/stm32g0xx_hal_msp.o
 .comment       0x00000043       0x44 ./Application/User/Core/stm32g0xx_it.o
 .comment       0x00000043       0x44 ./Application/User/Core/tim.o
 .comment       0x00000043       0x44 ./Application/User/Core/usart.o
 .comment       0x00000043       0x44 ./Drivers/CMSIS/system_stm32g0xx.o
 .comment       0x00000043       0x44 ./Drivers/STM32G0xx_HAL_Driver/stm32g0xx_hal.o
 .comment       0x00000043       0x44 ./Drivers/STM32G0xx_HAL_Driver/stm32g0xx_hal_adc.o
 .comment       0x00000043       0x44 ./Drivers/STM32G0xx_HAL_Driver/stm32g0xx_hal_adc_ex.o
 .comment       0x00000043       0x44 ./Drivers/STM32G0xx_HAL_Driver/stm32g0xx_hal_cortex.o
 .comment       0x00000043       0x44 ./Drivers/STM32G0xx_HAL_Driver/stm32g0xx_hal_gpio.o
 .comment       0x00000043       0x44 ./Drivers/STM32G0xx_HAL_Driver/stm32g0xx_hal_pwr_ex.o
 .comment       0x00000043       0x44 ./Drivers/STM32G0xx_HAL_Driver/stm32g0xx_hal_rcc.o
 .comment       0x00000043       0x44 ./Drivers/STM32G0xx_HAL_Driver/stm32g0xx_hal_rcc_ex.o
 .comment       0x00000043       0x44 ./Drivers/STM32G0xx_HAL_Driver/stm32g0xx_hal_tim.o
 .comment       0x00000043       0x44 ./Drivers/STM32G0xx_HAL_Driver/stm32g0xx_hal_tim_ex.o
 .comment       0x00000043       0x44 ./Drivers/STM32G0xx_HAL_Driver/stm32g0xx_hal_uart.o
 .comment       0x00000043       0x44 ./Drivers/STM32G0xx_HAL_Driver/stm32g0xx_hal_uart_ex.o

.debug_frame    0x00000000     0x3ca8
 .debug_frame   0x00000000       0x70 ./Application/User/Core/adc.o
 .debug_frame   0x00000070       0x30 ./Application/User/Core/gpio.o
 .debug_frame   0x000000a0       0x68 ./Application/User/Core/main.o
 .debug_frame   0x00000108       0x30 ./Application/User/Core/stm32g0xx_hal_msp.o
 .debug_frame   0x00000138       0x9c ./Application/User/Core/stm32g0xx_it.o
 .debug_frame   0x000001d4       0x90 ./Application/User/Core/tim.o
 .debug_frame   0x00000264       0x6c ./Application/User/Core/usart.o
 .debug_frame   0x000002d0       0x4c ./Drivers/CMSIS/system_stm32g0xx.o
 .debug_frame   0x0000031c      0x3dc ./Drivers/STM32G0xx_HAL_Driver/stm32g0xx_hal.o
 .debug_frame   0x000006f8      0x78c ./Drivers/STM32G0xx_HAL_Driver/stm32g0xx_hal_adc.o
 .debug_frame   0x00000e84      0x270 ./Drivers/STM32G0xx_HAL_Driver/stm32g0xx_hal_adc_ex.o
 .debug_frame   0x000010f4      0x33c ./Drivers/STM32G0xx_HAL_Driver/stm32g0xx_hal_cortex.o
 .debug_frame   0x00001430      0x130 ./Drivers/STM32G0xx_HAL_Driver/stm32g0xx_hal_gpio.o
 .debug_frame   0x00001560      0x32c ./Drivers/STM32G0xx_HAL_Driver/stm32g0xx_hal_pwr_ex.o
 .debug_frame   0x0000188c      0x214 ./Drivers/STM32G0xx_HAL_Driver/stm32g0xx_hal_rcc.o
 .debug_frame   0x00001aa0       0xb0 ./Drivers/STM32G0xx_HAL_Driver/stm32g0xx_hal_rcc_ex.o
 .debug_frame   0x00001b50      0xf40 ./Drivers/STM32G0xx_HAL_Driver/stm32g0xx_hal_tim.o
 .debug_frame   0x00002a90      0x620 ./Drivers/STM32G0xx_HAL_Driver/stm32g0xx_hal_tim_ex.o
 .debug_frame   0x000030b0      0x8d8 ./Drivers/STM32G0xx_HAL_Driver/stm32g0xx_hal_uart.o
 .debug_frame   0x00003988      0x258 ./Drivers/STM32G0xx_HAL_Driver/stm32g0xx_hal_uart_ex.o
 .debug_frame   0x00003be0       0x20 C:/ST/STM32CubeIDE_1.19.0/STM32CubeIDE/plugins/com.st.stm32cube.ide.mcu.externaltools.gnu-tools-for-stm32.13.3.rel1.win32_1.0.0.202411081344/tools/bin/../lib/gcc/arm-none-eabi/13.3.1/../../../../arm-none-eabi/lib/thumb/v6-m/nofp\libc_nano.a(libc_a-memset.o)
 .debug_frame   0x00003c00       0x2c C:/ST/STM32CubeIDE_1.19.0/STM32CubeIDE/plugins/com.st.stm32cube.ide.mcu.externaltools.gnu-tools-for-stm32.13.3.rel1.win32_1.0.0.202411081344/tools/bin/../lib/gcc/arm-none-eabi/13.3.1/../../../../arm-none-eabi/lib/thumb/v6-m/nofp\libc_nano.a(libc_a-init.o)
 .debug_frame   0x00003c2c       0x20 C:/ST/STM32CubeIDE_1.19.0/STM32CubeIDE/plugins/com.st.stm32cube.ide.mcu.externaltools.gnu-tools-for-stm32.13.3.rel1.win32_1.0.0.202411081344/tools/bin/../lib/gcc/arm-none-eabi/13.3.1/thumb/v6-m/nofp\libgcc.a(_udivsi3.o)
 .debug_frame   0x00003c4c       0x20 C:/ST/STM32CubeIDE_1.19.0/STM32CubeIDE/plugins/com.st.stm32cube.ide.mcu.externaltools.gnu-tools-for-stm32.13.3.rel1.win32_1.0.0.202411081344/tools/bin/../lib/gcc/arm-none-eabi/13.3.1/thumb/v6-m/nofp\libgcc.a(_divsi3.o)
 .debug_frame   0x00003c6c       0x3c C:/ST/STM32CubeIDE_1.19.0/STM32CubeIDE/plugins/com.st.stm32cube.ide.mcu.externaltools.gnu-tools-for-stm32.13.3.rel1.win32_1.0.0.202411081344/tools/bin/../lib/gcc/arm-none-eabi/13.3.1/thumb/v6-m/nofp\libgcc.a(_udivmoddi4.o)

.debug_line_str
                0x00000000       0x6b
 .debug_line_str
                0x00000000       0x6b ./Application/User/Startup/startup_stm32g071rbtx.o
